           ******************************************
           *Sheep simple JSON                       *
           ******************************************
            
 Aantal variëteiten:            0
 geen kleurslagen geanalyseerd
 geen fokkers geanalyseerd
            
            POPULATIEOMVANG: aantal kalveren geboren per jaar
 __________________________________________________________________
   geb.        stieren    |    koeien     |     totaal     | sex ratio
   jaar     nt.fok  vaders| nt.fok moeders| nt.fok  ouders | %mnl. kalveren
 __________________________________________________________________
    2005        30      10      33      27      63      37    40.0
    2006        28      10      35      27      63      37    38.0
    2007        25       9      40      26      65      35    34.0
    2008        36      10      32      22      68      32    46.0
    2009        25       9      42      24      67      33    34.0
    2010        30      10      34      26      64      36    40.0
    2011        34      10      31      25      65      35    44.0
    2012        25      10      38      27      63      37    35.0
    2013        35      10      31      24      66      34    45.0
    2014        35       9      33      23      68      32    44.0
    2015        29      10      37      24      66      34    39.0
    2016        34      10      38      18      72      28    44.0
    2017        34      10      31      25      65      35    44.0
    2018        30      10      34      26      64      36    40.0
    2019        31      10      35      24      66      34    41.0
    2020        35       9      29      27      64      36    44.0
    2021        31      10      34      25      65      35    41.0
    2022 *      38      10      32      20      70      30    48.0
    2023 *      51       0      49       0     100       0    51.0
    2024 *      42       0      58       0     100       0    42.0
 ________________________________________________________________
 totaal      658     176     726     440    1384     616
 _____________________________________________________________
 totaal aantal dieren in stamboom         2083  waarvan           83 
  zonder geboortejaar.
        *  let op kalveren geboren in de laatste jaren
           zijn te jong om al allemaal ouder te kunnen zijn
    
++++++++++++++++++++++++++++++++++++++++++++++++++++++++++++++++++++++++++++++++++++++
  23.9% van de mannelijke kalveren  wordt later vader
  41.7% van de vrouwelijke kalveren wordt later moeder
++++++++++++++++++++++++++++++++++++++++++++++++++++++++++++++++++++++++++++++++++++++
    
           Stichters: aantal individuen met (on)bekende ouders per geboortejaar
__________________________________________________________________________________________________________
   ge-              totaal              |         stieren                |         koeien             
  boor-  alleen  alleen beide    beide  | alleen  alleen beide    beide  | alleen  alleen beide    beide  
   te-   vader   moeder ouders   ouders | vader   moeder ouders   ouders | vader   moeder ouders   ouders 
  jaar   bekend  bekend onbekend bekend | bekend  bekend onbekend bekend | bekend  bekend onbekend bekend 
__________________________________________________________________________________________________________
onbekend       0       0      83       0       0       0      20       0       0       0      63       0
    2005       0       0       0     100       0       0       0      40       0       0       0      60
    2006       0       0       0     100       0       0       0      38       0       0       0      62
    2007       0       0       0     100       0       0       0      34       0       0       0      66
    2008       0       0       0     100       0       0       0      46       0       0       0      54
    2009       0       0       0     100       0       0       0      34       0       0       0      66
    2010       0       0       0     100       0       0       0      40       0       0       0      60
    2011       0       0       0     100       0       0       0      44       0       0       0      56
    2012       0       0       0     100       0       0       0      35       0       0       0      65
    2013       0       0       0     100       0       0       0      45       0       0       0      55
    2014       0       0       0     100       0       0       0      44       0       0       0      56
    2015       0       0       0     100       0       0       0      39       0       0       0      61
    2016       0       0       0     100       0       0       0      44       0       0       0      56
    2017       0       0       0     100       0       0       0      44       0       0       0      56
    2018       0       0       0     100       0       0       0      40       0       0       0      60
    2019       0       0       0     100       0       0       0      41       0       0       0      59
    2020       0       0       0     100       0       0       0      44       0       0       0      56
    2021       0       0       0     100       0       0       0      41       0       0       0      59
    2022       0       0       0     100       0       0       0      48       0       0       0      52
    2023       0       0       0     100       0       0       0      51       0       0       0      49
    2024       0       0       0     100       0       0       0      42       0       0       0      58
__________________________________________________________________________________________________________
 totaal        0       0      83    2000       0       0      20     834       0       0      63    1166
__________________________________________________________________________________________________________
    
            
            aantal ouders en worpgrootte per jaar
 ________________________________________________
   geb.   aantal   kalveren/  aantal  worpen  kalveren/ 
   jaar   worpen    worp  vaders  /vader  vader 
 ________________________________________________
    2005      32    3.12       9    3.56   11.11
    2006      29    3.45       9    3.22   11.11
    2007      31    3.23       9    3.44   11.11
    2008      33    3.03       9    3.67   11.11
    2009      32    3.12       8    4.00   12.50
    2010      29    3.45       9    3.22   11.11
    2011      25    4.00       8    3.12   12.50
    2012      30    3.33       9    3.33   11.11
    2013      32    3.12       9    3.56   11.11
    2014      27    3.70       9    3.00   11.11
    2015      31    3.23       9    3.44   11.11
    2016      26    3.85       8    3.25   12.50
    2017      26    3.85       9    2.89   11.11
    2018      30    3.33       9    3.33   11.11
    2019      27    3.70       9    3.00   11.11
    2020      31    3.23       9    3.44   11.11
    2021      28    3.57       9    3.11   11.11
    2022      31    3.23       8    3.88   12.50
    2023      32    3.12       9    3.56   11.11
    2024      30    3.33       9    3.33   11.11
 ________________________________________________
 totaal      592    2.34     176    3.36    7.86
 ________________________________________________
            
      Worpgrootte
 ________________________________________________________
   geb.                     worpgrootte                     
  jaar         1       2       3       4       5       6       7       8       9      10      11      12
 ________________________________________________________
    2005       0      14       9       3       3       3       0       0       0       0       0       0
    2006       0      10       6       7       2       4       0       0       0       0       0       0
    2007       0      14       6       7       0       2       2       0       0       0       0       0
    2008       1      12      10       7       1       2       0       0       0       0       0       0
    2009       1      11      13       3       1       1       1       1       0       0       0       0
    2010       0      12       8       3       2       1       1       1       1       0       0       0
    2011       0       8       5       6       0       1       3       1       0       1       0       0
    2012       0       9      13       5       0       1       0       1       1       0       0       0
    2013       0      15       6       8       0       1       2       0       0       0       0       0
    2014       0      10       7       5       1       0       0       2       2       0       0       0
    2015       0      10      11       6       1       3       0       0       0       0       0       0
    2016       0       7       7       5       3       3       0       0       0       0       0       1
    2017       1       9       4       5       1       2       1       2       1       0       0       0
    2018       0      11       5      10       2       1       1       0       0       0       0       0
    2019       0       8       6       9       0       1       1       1       1       0       0       0
    2020       1      12       7       6       3       0       1       1       0       0       0       0
    2021       1       8       5       8       2       3       0       1       0       0       0       0
    2022       0      15       6       8       0       0       0       0       0       2       0       0
    2023       1       9      12       7       1       2       0       0       0       0       0       0
    2024       0      14       5       2       6       2       1       0       0       0       0       0
 ________________________________________________________
 totaal        6     218     151     120      29      33      14      11       6       3       0       1
 ________________________________________________________
            
      LEEFTIJD vaders
 ________________________________________________________
   geb.                     leeftijd                     
  jaar         1       2
 ________________________________________________________
    2005       0       0
    2006       0       0
    2007     100       0
    2008     100       0
    2009     100       0
    2010     100       0
    2011     100       0
    2012     100       0
    2013     100       0
    2014     100       0
    2015     100       0
    2016     100       0
    2017     100       0
    2018     100       0
    2019     100       0
    2020     100       0
    2021     100       0
    2022     100       0
    2023     100       0
    2024     100       0
 ________________________________________________________
 totaal     1800       0
 ________________________________________________________
            
      LEEFTIJD moeders
 ________________________________________________________
   geb.                     leeftijd                     
  jaar         1       2       3
 ________________________________________________________
    2005       0       0       0
    2006       0       0       0
    2007      54       0       0
    2008      68      32       0
    2009      48      52       0
    2010      51      49       0
    2011      63      37       0
    2012      58      42       0
    2013      55      45       0
    2014      64      36       0
    2015      59      41       0
    2016      60      40       0
    2017      62      38       0
    2018      46      54       0
    2019      68      32       0
    2020      54      46       0
    2021      55      45       0
    2022      56      44       0
    2023      66      34       0
    2024      69      31       0
 ________________________________________________________
 totaal     1056     698       0
 ________________________________________________________
            
      Topvaders en hun aandeel per jaar
_______________________________________________________________________________________________________________________
              |                      de Topvader         |              aandeel van de top 10 vaders (%)              |
jaar #Vaders  | naam                    id               |    1     2     3     4     5     6     7     8     9    10 |
_______________________________________________________________________________________________________________________
 2005      10 |                          29              |   21.0  14.0  13.0  10.0  10.0   9.0   9.0   8.0   4.0   2.0
 2006      10 |                          209             |   19.0  19.0  10.0  10.0  10.0  10.0   9.0   8.0   3.0   2.0
 2007      10 | -                        302             |   16.0  14.0  13.0  13.0  10.0   9.0   8.0   7.0   6.0   4.0
 2008      10 | -                        413             |   21.0  18.0  13.0  12.0   9.0   8.0   7.0   7.0   3.0   2.0
 2009       9 | -                        484             |   19.0  14.0  13.0  13.0  12.0   8.0   7.0   7.0   7.0   0.0
 2010      10 | -                        581             |   17.0  15.0  14.0  13.0  13.0  10.0   7.0   5.0   4.0   2.0
 2011       9 | -                        681             |   19.0  16.0  13.0  12.0  12.0  12.0   8.0   6.0   2.0   0.0
 2012      10 | -                        810             |   15.0  15.0  13.0  12.0  12.0  10.0   8.0   7.0   7.0   1.0
 2013      10 | -                        905             |   17.0  16.0  15.0  12.0  11.0  10.0   7.0   6.0   4.0   2.0
 2014      10 | -                        1017            |   16.0  15.0  14.0  12.0  10.0   8.0   8.0   8.0   5.0   4.0
 2015      10 | -                        1087            |   17.0  15.0  11.0  11.0  11.0  10.0   9.0   8.0   5.0   3.0
 2016       9 | -                        1200            |   24.0  16.0  15.0  13.0  11.0   8.0   6.0   5.0   2.0   0.0
 2017      10 | -                        1283            |   18.0  15.0  13.0  12.0  10.0  10.0   7.0   6.0   5.0   4.0
 2018      10 | -                        1382            |   21.0  18.0  12.0   9.0   9.0   8.0   8.0   8.0   5.0   2.0
 2019      10 | -                        1510            |   19.0  17.0  15.0  11.0  10.0   9.0   6.0   5.0   4.0   4.0
 2020      10 | -                        1607            |   18.0  15.0  15.0   9.0   9.0   9.0   8.0   7.0   7.0   3.0
 2021      10 | -                        1696            |   24.0  21.0  16.0   7.0   7.0   7.0   6.0   5.0   4.0   3.0
 2022       9 | -                        1810            |   19.0  17.0  16.0  14.0  13.0  10.0   5.0   4.0   2.0   0.0
 2023      10 | -                        1922            |   23.0  18.0  14.0  11.0   7.0   7.0   7.0   6.0   4.0   3.0
 2024      10 | -                        2022            |   21.0  14.0  14.0  11.0  10.0  10.0   9.0   7.0   2.0   2.0
_______________________________________________________________________________________________________________________
            
      Topvaders en topmoeders in ras
______________________________________________________________________________________________________________________________
|                          Topvaders                          |                          Topmoeders                          |
| naam                     id               geboren   #zonen  | naam                     id               geboren   #zonen   |
______________________________________________________________________________________________________________________________
|-                         1922             1/ 1/2021      13 | -                         1769             1/ 1/2019       9 |
|-                         1821             1/ 1/2020      12 |                           66               1/ 1/   0       7 |
|-                         681              1/ 1/2009      11 | -                         1256             1/ 1/2014       7 |
|-                         1200             1/ 1/2014      11 | -                         461              1/ 1/2006       6 |
|-                         905              1/ 1/2011      10 | -                         1840             1/ 1/2020       6 |
|                          29               1/ 1/   0      10 | -                         874              1/ 1/2010       5 |
|-                         1716             1/ 1/2019      10 | -                         980              1/ 1/2011       5 |
|-                         414              1/ 1/2006      10 | -                         1062             1/ 1/2012       5 |
|-                         1912             1/ 1/2021      10 | -                         1163             1/ 1/2013       5 |
|-                         1687             1/ 1/2019       9 | -                         1166             1/ 1/2013       5 |
______________________________________________________________________________________________________________________________
  
      Topgrootvaders en topgrootmoeders in ras
______________________________________________________________________________________________________________________________
|                          Topvaders                          |                       Topgrootmoeders                        |
| naam                     id               geboren  #klnzoon | naam                      id               geboren  #klnzoon |
______________________________________________________________________________________________________________________________
|-                         1419             1/ 1/2016      40 |                           92               1/ 1/   0      29 |
|                          183              1/ 1/   0      38 |                           128              1/ 1/   0      27 |
|-                         728              1/ 1/2009      30 |                           98               1/ 1/   0      24 |
|-                         414              1/ 1/2006      29 |                           138              1/ 1/   0      21 |
|-                         1200             1/ 1/2014      27 |                           141              1/ 1/   0      20 |
|-                         1588             1/ 1/2018      26 |                           145              1/ 1/   0      20 |
|-                         681              1/ 1/2009      24 |                           147              1/ 1/   0      19 |
|-                         1013             1/ 1/2012      23 |                           94               1/ 1/   0      17 |
|-                         815              1/ 1/2010      22 |                           66               1/ 1/   0      17 |
|-                         628              1/ 1/2008      21 |                           78               1/ 1/   0      16 |
 _____________________________________________________________________________________________________________________________
  
  # grandsons per grandsire 
 number of grandparents in population         448
 Average and range of number of grandsons per grandsire
   6.000000     (           1 -          40 )
 Distribution of the number of grandsons per grandsire/granddam
 
min.     1    2    3    4    5    6    7    8    9   10   11   12   13   14   15   16   17   18   19   20   21   22   23   24   25   26   27   28   29   30   31   32   33   34   35   36   37   38   39   40
max.     1    2    3    4    5    6    7    8    9   10   11   12   13   14   15   16   17   18   19   20   21   22   23   24   25   26   27   28   29   30   31   32   33   34   35   36   37   38   39   40
grsr    11   15   10   11   15    6   14    8    6    4    4    6    9    6    4    7    2    4    1    6    1    1    1    1    0    1    1    0    1    1    0    0    0    0    0    0    0    1    0    1
grdm    58   51   40   22   27   12   14   11   11    4    7    5    3    4    6    5    2    0    1    2    1    0    0    1    0    0    1    0    1    0    0    0    0    0    0    0    0    0    0    0
 
 Log distribution of the number of grandsons per grandsire/granddam
min.     1    2    5   10   20
max.     2    5   10   20   50
grsr    26   51   53   53   16
grdm   109  140   79   39    6
            
  gemiddeld aantal NAKOMELINGEN/OUDER over het hele leven per geboortejaar ouder
 ________________________________________________________
   geb.           stier         |          koe          |
   jaar   gemid. st.dev.    max.| gemid. st.dev.    max.|
 ________________________________________________________
    2005   10.00    3.89     16.    3.19    1.88      9.
    2006   10.00    6.09     21.    4.44    2.19     10.
    2007   11.11    4.17     19.    3.73    2.25     11.
    2008   10.00    5.19     17.    4.00    2.41     10.
    2009   11.11    5.13     19.    4.38    2.50     10.
    2010   10.00    4.35     15.    3.96    2.39     11.
    2011   10.00    5.16     17.    3.64    2.18     11.
    2012   10.00    4.14     16.    3.89    2.14      9.
    2013   10.00    4.16     17.    4.12    2.11     10.
    2014   11.11    6.75     24.    4.26    2.70     12.
    2015   10.00    4.57     18.    4.83    1.97      9.
    2016   10.00    5.70     21.    4.33    2.00      9.
    2017   10.00    5.48     19.    4.56    2.20      9.
    2018   10.00    4.57     18.    3.81    1.63      7.
    2019   10.00    7.50     24.    4.12    2.74     14.
    2020   11.11    6.17     19.    3.33    1.62     10.
    2021   10.00    6.48     23.    3.88    1.62      8.
    2022   10.00    5.70     21.    3.45    1.57      7.
    2023    0.00    0.00      0.    0.00    0.00      0.
    2024    0.00    0.00      0.    0.00    0.00      0.
    
++++++++++++++++++++++++++++++++++++++++++++++++++++++++++++++++++++++++++++++++++++++
            
 vader met de meeste nakomelingen in de populatie
 naam: -                                                 
 id-code: 1200                                              
 geboortejaar:         2014
 aantal nakomelingen:           24
            
 moeder met de meeste nakomelingen in de populatie
 naam: -                                                 
 id-code: 1769                                              
 geboortejaar:         2019
 aantal nakomelingen:           14
++++++++++++++++++++++++++++++++++++++++++++++++++++++++++++++++++++++++++++++++++++++
            
      GENERATIEINTERVAL  gemiddelde leeftijd ouders bij geboortekalf
 ________________________________________________________
   geb.      gemiddelde leeftijd      
   jaar   vaders   moeders   ouders
 ________________________________________________________
    2005    0.00    0.00    0.00
    2006    0.00    0.00    0.00
    2007    2.00    2.00    2.00
    2008    2.00    2.32    2.16
    2009    2.00    2.52    2.26
    2010    2.00    2.49    2.24
    2011    2.00    2.37    2.18
    2012    2.00    2.42    2.21
    2013    2.00    2.45    2.22
    2014    2.00    2.36    2.18
    2015    2.00    2.41    2.20
    2016    2.00    2.40    2.20
    2017    2.00    2.38    2.19
    2018    2.00    2.54    2.27
    2019    2.00    2.32    2.16
    2020    2.00    2.46    2.23
    2021    2.00    2.45    2.22
    2022    2.00    2.44    2.22
    2023    2.00    2.34    2.17
    2024    2.00    2.31    2.16
 ________________________________________________________
 totaal     2.00    2.40    2.20
 ________________________________________________________
            
            COMPLEETHEID stamboom
 ________________________________________________________________________
   geb.   gemiddeld    | percentage dieren met aantal generaties 
   jaar   generatie    | in stamboom compleet bekend 
          equivalent   |    0       1       2       3       4    5 of meer  
 ________________________________________________________________________
    2005      1.00        0.00    1.00    0.00    0.00    0.00    0.00
    2006      1.00        0.00    1.00    0.00    0.00    0.00    0.00
    2007      1.77        0.00    0.46    0.54    0.00    0.00    0.00
    2008      2.00        0.00    0.00    1.00    0.00    0.00    0.00
    2009      2.53        0.00    0.00    0.90    0.10    0.00    0.00
    2010      2.95        0.00    0.00    0.19    0.81    0.00    0.00
    2011      3.39        0.00    0.00    0.00    1.00    0.00    0.00
    2012      3.85        0.00    0.00    0.00    0.68    0.32    0.00
    2013      4.23        0.00    0.00    0.00    0.06    0.94    0.00
    2014      4.72        0.00    0.00    0.00    0.00    0.88    0.12
    2015      5.12        0.00    0.00    0.00    0.00    0.30    0.70
    2016      5.71        0.00    0.00    0.00    0.00    0.00    1.00
    2017      6.05        0.00    0.00    0.00    0.00    0.00    1.00
    2018      6.49        0.00    0.00    0.00    0.00    0.00    1.00
    2019      7.00        0.00    0.00    0.00    0.00    0.00    1.00
    2020      7.39        0.00    0.00    0.00    0.00    0.00    1.00
    2021      7.89        0.00    0.00    0.00    0.00    0.00    1.00
    2022      8.30        0.00    0.00    0.00    0.00    0.00    1.00
    2023      8.87        0.00    0.00    0.00    0.00    0.00    1.00
    2024      9.24        0.00    0.00    0.00    0.00    0.00    1.00
 ________________________________________________________
            
            
            INTEELT
 ________________________________________________________________
   geb.     F       f       f       f       f     f    
   jaar    alle    incl.  excl.   ouders  vaders moeders         
          dieren   zelf   zelf                 			      
 ________________________________________________________________
    2005  0.0000  0.0227  0.0179  0.0163  0.0194  0.0175
    2006  0.0000  0.0235  0.0187  0.0193  0.0583  0.0167
    2007  0.0025  0.0298  0.0250  0.0284  0.0330  0.0382
    2008  0.0137  0.0514  0.0468  0.0462  0.0535  0.0429
    2009  0.0022  0.0372  0.0326  0.0294  0.0462  0.0302
    2010  0.0259  0.0515  0.0468  0.0451  0.0519  0.0426
    2011  0.0286  0.0514  0.0468  0.0499  0.0750  0.0471
    2012  0.0255  0.0546  0.0500  0.0540  0.0650  0.0533
    2013  0.0226  0.0660  0.0615  0.0626  0.0727  0.0649
    2014  0.0388  0.0669  0.0623  0.0635  0.1095  0.0620
    2015  0.0533  0.0763  0.0717  0.0642  0.0716  0.0632
    2016  0.0475  0.0866  0.0822  0.0889  0.1348  0.0744
    2017  0.0397  0.0790  0.0745  0.0721  0.0727  0.0713
    2018  0.0657  0.1015  0.0972  0.0969  0.1387  0.0931
    2019  0.0741  0.0837  0.0791  0.0830  0.0814  0.0825
    2020  0.0821  0.1119  0.1076  0.1100  0.1332  0.1030
    2021  0.0651  0.0981  0.0937  0.0987  0.1080  0.1001
    2022  0.0843  0.1214  0.1171  0.1223  0.1396  0.1176
    2023  0.0745  0.1077  0.1033
    2024  0.1274  0.1418  0.1375
 ________________________________________________________________
            
 _____________________________________________
                 deltaF     deltaF      Ne    
                  jaar     generatie          
 _____________________________________________
deltaF absolute       0.74%      1.63%     30.71
deltaF smoothed       0.57%      1.26%     39.58
deltaf absolute       0.68%      1.49%     33.51
deltaf smoothed       0.59%      1.30%     38.42
 _____________________________________________
            
 Inteelt-/verwantschapstoename per periode van           10  jaar
 _____________________________________________
                 deltaF     deltaf          
             generatie      generatie          
 _____________________________________________
2005 - 2014         0.908 %         1.128%
2014 - 2024         1.527 %         1.453%
 _____________________________________________
 _________________________________________________________________________
            
      Samenvatting populatie data
      gebaseerd op        2018  -         2023
 _________________________________________________________________________
 Aantal worpen per jaar
          30.
            
 Aantal wijfjes beschikbaarvoor fokkerij per jaar 
          30.
            
        |  uitleg afleiding
        |  gebaseerd op        2018  -         2021
       |    17 wijfjes geboren per jaar die later moeder zullen worden
       |  57.5% van vrouwelijke fokdieren worden elk jaar vervangen
       |  geeft een totaal van    30.vrouwelijke fokdieren inclusief dieren
       |    die nog te jong zijn om nu te fokken, maar later wel moeder zullen worden
       |  en    30.exclusief nog niet fokkende dieren
            
 Aantal mannetjes beschikbaarvoor fokkerij per jaar 
           6.
            
        |  uitleg afleiding
        |  gebaseerd op        2018  -         2021
       |     6 mannetjes geboren per jaar die later vader zullen worden
       |  57.5% van mannelijke fokdieren worden elk jaar vervangen
       |  geeft een totaal van     6.mannelijke fokdieren inclusief dieren
       |    die nog te jong zijn om nu te fokken, maar later wel vader zullen worden
       |  en     6.exclusief nog niet fokkende dieren
            
 Bijdrage van de 4 populairste mannetjes aan totaal aantal jongen
          64.%
            
 Worpgrootte 
   Aantal groottes:            9
   Worpgrootte    Fractie  
       1              1.
       2             37.
       3             26.
       4             20.
       5              5.
       6              6.
       7              2.
       8              2.
       9              1.
            
 Leeftijd ouders 
   Aantal leeftijden:            2
   Leef   Fractie   Fractie
   tijd   vaders    moeders
     1      100.       58.
     2        0.       42.
            
 _________________________________________________________________________
